
> ambleandfoxexport@0.1.0 build
> next build

  Γû▓ Next.js 14.2.35

   Creating an optimized production build ...
 Γ£ô Compiled successfully
   Linting and checking validity of types ...
node.exe : 
At C:\Users\abhib\AppData\Roaming\n
pm\npm.ps1:24 char:5
+     & "node$exe"  "$basedir/node_
modules/npm/bin/npm-cli.js" $args
+     ~~~~~~~~~~~~~~~~~~~~~~~~~~~~~
~~~~~~~~~~~~~~~~~~~~~~~~~~~~~~~~~
    + CategoryInfo          : Not  
  Specified: (:String) [], Remo    
teException
    + FullyQualifiedErrorId : Nat  
  iveCommandError
 
Failed to compile.

./src/components/MetaPixel.tsx
11:5  Error: Include a description 
after the "@ts-expect-error" 
directive to explain why the 
@ts-expect-error is necessary. The 
description must be 3 characters 
or longer.  
@typescript-eslint/ban-ts-comment

./src/components/ui/cards-1.tsx
40:13  Warning: Using `<img>` 
could result in slower LCP and 
higher bandwidth. Consider using 
`<Image />` from `next/image` to 
automatically optimize images. 
This may incur additional usage or 
cost from your provider. See: https
://nextjs.org/docs/messages/no-img-
element  @next/next/no-img-element

info  - Need to disable some 
ESLint rules? Learn more here: http
s://nextjs.org/docs/basic-features/
eslint#disabling-rules
